// Jest Snapshot v1, https://goo.gl/fbAQLP

exports[`can fetch market data 1`] = `
Immutable.Map {
  binary: Object {
    "denominationToken": "_MASKED_denominationToken_FOR_DETERMINISM_",
    "description": "Can God create a stone so heavy that He cannot lift it?",
    "endTime": "_MASKED_endTime_FOR_DETERMINISM_",
    "isFinalized": false,
    "longDescription": "meh",
    "marketCreationFee": "10000000000000000",
    "marketType": "0",
    "maxPrice": "1000000000000000000",
    "minPrice": "0",
    "numTicks": "10000",
    "numberOfOutcomes": "2",
    "outcomes": Array [],
    "resolutionSource": "your mind",
  },
  categorical: Object {
    "denominationToken": "_MASKED_denominationToken_FOR_DETERMINISM_",
    "description": "What is the best color?",
    "endTime": "_MASKED_endTime_FOR_DETERMINISM_",
    "isFinalized": false,
    "longDescription": "",
    "marketCreationFee": "10000000000000000",
    "marketType": "1",
    "maxPrice": "1000000000000000000",
    "minPrice": "0",
    "numTicks": "10000",
    "numberOfOutcomes": "3",
    "outcomes": Array [
      "Red",
      "Green",
      "Blue",
    ],
    "resolutionSource": "https://upload.wikimedia.org/wikipedia/commons/0/0e/Red-green-blue_flag.svg",
  },
  scalar: Object {
    "denominationToken": "_MASKED_denominationToken_FOR_DETERMINISM_",
    "description": "How many states will there be in the United States at the market expiration?",
    "endTime": "_MASKED_endTime_FOR_DETERMINISM_",
    "isFinalized": false,
    "longDescription": "",
    "marketCreationFee": "10000000000000000",
    "marketType": "2",
    "maxPrice": "100",
    "minPrice": "0",
    "numTicks": "100",
    "numberOfOutcomes": "2",
    "outcomes": Array [],
    "resolutionSource": "",
  },
  scalar2: Object {
    "denominationToken": "_MASKED_denominationToken_FOR_DETERMINISM_",
    "description": "How much will EUR cost in USD at market expiration?",
    "endTime": "_MASKED_endTime_FOR_DETERMINISM_",
    "isFinalized": false,
    "longDescription": "",
    "marketCreationFee": "10000000000000000",
    "marketType": "2",
    "maxPrice": "3.6630452334323264047285528e+25",
    "minPrice": "1",
    "numTicks": "300",
    "numberOfOutcomes": "2",
    "outcomes": Array [],
    "resolutionSource": "",
  },
}
`;
